[hanumanchalisas.com/i]
[backblue.gif]
[fade.gif]
[index.html]
[hanumanchalisas.com/wp-content/themes/generatepress/assets/css/main.min3b71.css]
[hanumanchalisas.com/wp-content/plugins/gp-premium/menu-plus/functions/css/navigation-branding-flex.min0875.css]
[hanumanchalisas.com/Firefox/index.html]
[hanumanchalisas.com/sitemap_index.xml]
[hanumanchalisas.com/wp-content/uploads/favicons/apple-touch-icon.png]
[hanumanchalisas.com/wp-content/uploads/favicons/favicon-32x32.png]
[hanumanchalisas.com/wp-content/uploads/favicons/favicon-194x194.png]
[hanumanchalisas.com/wp-content/uploads/favicons/android-chrome-192x192.png]
[hanumanchalisas.com/wp-content/uploads/favicons/favicon-16x16.png]
[hanumanchalisas.com/wp-content/uploads/favicons/site.webmanifest]
[hanumanchalisas.com/wp-content/uploads/favicons/safari-pinned-tab.svg]
[hanumanchalisas.com/wp-content/uploads/favicons/favicon.ico]
[pagead2.googlesyndication.com/pagead/js/f8ef0.txt]
[hanumanchalisas.com/wp-content/uploads/hanuman-chalisa-hindi.jpg]
[hanumanchalisas.com/wp-content/uploads/hanuman-chalisa.png]
[hanumanchalisas.com/hanuman-chalisa-english/index.html]
[hanumanchalisas.com/hanuman-chalisa-telugu/index.html]
[hanumanchalisas.com/wp-content/plugins/wp-rocket/assets/js/lcp-beacon.min.js]
[hanumanchalisas.com/hanuman-chalisa-gujarati/index.html]
[hanumanchalisas.com/hanuman-chalisa-kannada/index.html]
[hanumanchalisas.com/hanuman-chalisa-tamil/index.html]
[hanumanchalisas.com/hanuman-chalisa-bengali/index.html]
[hanumanchalisas.com/index.html]
[hanumanchalisas.com/cdn-cgi/scripts/7d0fa10a/cloudflare-static/rocket-loader.min.js]
[hanumanchalisas.com/hanuman-chalisa-sanskrit/index.html]
[hanumanchalisas.com/i.html]
[hanumanchalisas.com/hanuman-chalisa-punjabi/index.html]
[hanumanchalisas.com/Firefox/index.html]
[hanumanchalisas.com/hanuman-chalisa-marathi/index.html]
[hanumanchalisas.com/wp-content/themes/generatepress/assets/css/main.min3b71.css]
[hanumanchalisas.com/hanuman-chalisa-odia/index.html]
[hanumanchalisas.com/hanuman-chalisa-malayalam/index.html]
[hanumanchalisas.com/wp-content/plugins/gp-premium/menu-plus/functions/css/navigation-branding-flex.min0875.css]
[hanumanchalisas.com/hanuman-chalisa-assamese/index.html]
[hanumanchalisas.com/hanuman-chalisa-line-by-line-meaning-in-hindi/index.html]
[hanumanchalisas.com/wp-content/uploads/favicons/safari-pinned-tab.svg]
[hanumanchalisas.com/sunderkand/index.html]
[hanumanchalisas.com/hanuman-chalisa-line-by-line-meaning-in-english/index.html]
[hanumanchalisas.com/hanuman-chalisa-lyrics/index.html]
[hanumanchalisas.com/hanuman-chalisa-path-hindi-me-photo/index.html]
[hanumanchalisas.com/hanuman-ji-ki-aarti/index.html]
[hanumanchalisas.com/hanuman-chalisa-images/index.html]
[hanumanchalisas.com/hanuman-chalisa-english/i]
[hanumanchalisas.com/hanuman-chalisa-mp3-download/index.html]
[hanumanchalisas.com/hanuman-movies/index.html]
[hanumanchalisas.com/12-rashi-anusar-hanuman-mantra/index.html]
[hanumanchalisas.com/wp-content/themes/generatepress/assets/css/components/comments.min3b71.css]
[hanumanchalisas.com/god-hanuman-puja-vidhi/index.html]
[hanumanchalisas.com/hanuman-tuesday-mantra/index.html]
[hanumanchalisas.com/12-hanuman-names-with-meanings/index.html]
[hanumanchalisas.com/benefits-of-reading-hanuman-chalisa/index.html]
[hanumanchalisas.com/vyapar-vridhi-hanuman-mantra/index.html]
[hanumanchalisas.com/hanuman-shabar-mantra/index.html]
[hanumanchalisas.com/maruti-stotra/index.html]
[hanumanchalisas.com/wp-content/uploads/hanuman-chalisa-english.jpg]
[hanumanchalisas.com/shree-hanuman-beej-mantra/index.html]
[hanumanchalisas.com/hanuman-chalisa-english/index.html]
[hanumanchalisas.com/shri-hanuman-bahuk/index.html]
[hanumanchalisas.com/barjrag-baan/index.html]
[hanumanchalisas.com/sankat-mochan-hanuman-ashtak/index.html]
[hanumanchalisas.com/hanuman-bisa/index.html]
[hanumanchalisas.com/faq/index.html]
[hanumanchalisas.com/hanuman-chalisa-telugu/i]
[hanumanchalisas.com/about-us/index.html]
[hanumanchalisas.com/privacy-policy/index.html]
[hanumanchalisas.com/terms-of-use/index.html]
[hanumanchalisas.com/contact-us/index.html]
[hanumanchalisas.com/wp-content/uploads/hanuman-chalisa-telugu.jpg]
[hanumanchalisas.com/hanuman-chalisa-telugu/index.html]
[hanumanchalisas.com/hanuman-chalisa-english/Firefox/index.html]
[hanumanchalisas.com/hanuman-chalisa-telugu/Firefox/index.html]
[hanumanchalisas.com/hanuman-chalisa-gujarati/i]
[hanumanchalisas.com/wp-content/uploads/hanuman-chalisa-gujarati.jpg]
[hanumanchalisas.com/hanuman-chalisa-gujarati/index.html]
[hanumanchalisas.com/hanuman-chalisa-gujarati/Firefox/index.html]
[hanumanchalisas.com/hanuman-chalisa-kannada/i]
[hanumanchalisas.com/wp-content/uploads/hanuman-chalisa-kannada.jpg]
[hanumanchalisas.com/hanuman-chalisa-kannada/index.html]
[hanumanchalisas.com/hanuman-chalisa-kannada/Firefox/index.html]
[hanumanchalisas.com/hanuman-chalisa-tamil/i]
[hanumanchalisas.com/wp-content/uploads/hanuman-chalisa-tamil.jpg]
[hanumanchalisas.com/hanuman-chalisa-tamil/index.html]
[hanumanchalisas.com/hanuman-chalisa-tamil/Firefox/index.html]
[hanumanchalisas.com/hanuman-chalisa-bengali/i]
[hanumanchalisas.com/wp-content/uploads/hanuman-chalisa-bengali.jpg]
[hanumanchalisas.com/hanuman-chalisa-bengali/index.html]
[hanumanchalisas.com/hanuman-chalisa-bengali/Firefox/index.html]
[hanumanchalisas.com/hanuman-chalisa-sanskrit/i]
[hanumanchalisas.com/wp-content/uploads/hanuman-chalisa-sanskrit.jpg]
[hanumanchalisas.com/hanuman-chalisa-sanskrit/index.html]
[hanumanchalisas.com/hanuman-chalisa-sanskrit/Firefox/index.html]
[hanumanchalisas.com/hanuman-chalisa-marathi/i]
[hanumanchalisas.com/wp-content/uploads/hanuman-chalisa-marathi.jpg]
[hanumanchalisas.com/hanuman-chalisa-marathi/index.html]
[hanumanchalisas.com/hanuman-chalisa-marathi/Firefox/index.html]
[hanumanchalisas.com/hanuman-chalisa-punjabi/i]
[hanumanchalisas.com/wp-content/uploads/hanuman-chalisa-punjabi.jpg]
[hanumanchalisas.com/hanuman-chalisa-punjabi/index.html]
[hanumanchalisas.com/hanuman-chalisa-punjabi/Firefox/index.html]
[hanumanchalisas.com/hanuman-chalisa-odia/i]
[hanumanchalisas.com/wp-content/uploads/hanuman-chalisa-odia.jpg]
[hanumanchalisas.com/hanuman-chalisa-odia/index.html]
[hanumanchalisas.com/hanuman-chalisa-odia/Firefox/index.html]
[hanumanchalisas.com/hanuman-chalisa-malayalam/i]
[hanumanchalisas.com/wp-content/uploads/hanuman-chalisa-malayalam.jpg]
[hanumanchalisas.com/hanuman-chalisa-malayalam/index.html]
[hanumanchalisas.com/hanuman-chalisa-malayalam/Firefox/index.html]
[hanumanchalisas.com/hanuman-chalisa-assamese/i]
[hanumanchalisas.com/wp-content/uploads/hanuman-chalisa-assamese.jpg]
[hanumanchalisas.com/hanuman-chalisa-assamese/index.html]
[hanumanchalisas.com/hanuman-chalisa-assamese/Firefox/index.html]
[hanumanchalisas.com/hanuman-chalisa-line-by-line-meaning-in-hindi/i]
[hanumanchalisas.com/wp-content/uploads/hanuman-chalisa-arth-sahit-meaning-in-hindi.jpg]
[hanumanchalisas.com/hanuman-chalisa-line-by-line-meaning-in-hindi/index.html]
[hanumanchalisas.com/hanuman-chalisa-line-by-line-meaning-in-hindi/Firefox/index.html]
[hanumanchalisas.com/hanuman-chalisa-line-by-line-meaning-in-english/i]
[hanumanchalisas.com/wp-content/uploads/hanuman-chalisa-lyrics-significance-meaning-in-english.jpg]
[hanumanchalisas.com/hanuman-chalisa-line-by-line-meaning-in-english/index.html]
[hanumanchalisas.com/hanuman-chalisa-line-by-line-meaning-in-english/Firefox/index.html]
[hanumanchalisas.com/sunderkand/i]
[hanumanchalisas.com/wp-content/uploads/sunderkand.jpg]
[hanumanchalisas.com/sunderkand/index.html]
[hanumanchalisas.com/sunderkand/Firefox/index.html]
[hanumanchalisas.com/hanuman-chalisa-lyrics/i]
[hanumanchalisas.com/wp-content/uploads/hanuman-chalisa-lyrics.jpg]
[hanumanchalisas.com/hanuman-chalisa-lyrics/index.html]
[hanumanchalisas.com/hanuman-chalisa-lyrics/Firefox/index.html]
[hanumanchalisas.com/hanuman-ji-ki-aarti/i.33.delayed]
[hanumanchalisas.com/wp-content/uploads/shri-hanuman-aarti-hanuman-ji-ki-aart-in-hindi.jpg]
[hanumanchalisas.com/hanuman-ji-ki-aarti/index.html]
[hanumanchalisas.com/hanuman-ji-ki-aarti/Firefox/index.html]
[hanumanchalisas.com/hanuman-chalisa-path-hindi-me-photo/i]
[hanumanchalisas.com/wp-content/uploads/hanuman-chalisa-hindi-me-photo-hanuman-chalisa-desktop-02.jpg]
[hanumanchalisas.com/hanuman-chalisa-path-hindi-me-photo/index.html]
[hanumanchalisas.com/hanuman-chalisa-path-hindi-me-photo/Firefox/index.html]
[hanumanchalisas.com/hanuman-chalisa-images/i]
[hanumanchalisas.com/wp-content/uploads/hanuman-ji-smile.png]
[hanumanchalisas.com/wp-content/uploads/hanuman-chalisa-hindi-me-photo-hanuman-chalisa-desktop-01.jpg]
[hanumanchalisas.com/hanuman-chalisa-images/Firefox/index.html]
[hanumanchalisas.com/wp-content/uploads/hanuman-chalisa-hindi-me-photo-hanuman-chalisa-desktop-03.jpg]
[hanumanchalisas.com/wp-content/uploads/hanuman-chalisa-hindi-me-photo-hanuman-chalisa-desktop-04.jpg]
[hanumanchalisas.com/wp-content/uploads/hanuman-chalisa-hindi-me-photo-hanuman-chalisa-desktop-05.jpg]
[hanumanchalisas.com/wp-content/uploads/hanuman-chalisa-hindi-me-photo-hanuman-chalisa-desktop-06.jpg]
[hanumanchalisas.com/wp-content/uploads/hanuman-chalisa-hindi-me-photo-hanuman-chalisa-desktop-07.jpg]
[hanumanchalisas.com/wp-content/uploads/hanuman-chalisa-hindi-me-photo-hanuman-chalisa-desktop-08.jpg]
[hanumanchalisas.com/wp-content/uploads/hanuman-chalisa-hindi-me-photo-hanuman-chalisa-desktop-09.jpg]
[hanumanchalisas.com/wp-content/uploads/hanuman-chalisa-hindi-me-photo-hanuman-chalisa-desktop-10.jpg]
[hanumanchalisas.com/wp-content/uploads/hanuman-chalisa-hindi-mobile-wallpaper-01.jpg]
[hanumanchalisas.com/wp-content/uploads/hanuman-chalisa-hindi-mobile-wallpaper-02.jpg]
[hanumanchalisas.com/wp-content/uploads/hanuman-chalisa-hindi-mobile-wallpaper-03.jpg]
[hanumanchalisas.com/wp-content/uploads/hanuman-chalisa-hindi-mobile-wallpaper-04.jpg]
[hanumanchalisas.com/wp-content/uploads/hanuman-chalisa-hindi-mobile-wallpaper-05.jpg]
[hanumanchalisas.com/wp-content/uploads/hanuman-chalisa-hindi-mobile-wallpaper-06.jpg]
[hanumanchalisas.com/wp-content/uploads/hanuman-chalisa-hindi-mobile-wallpaper-07.jpg]
[hanumanchalisas.com/wp-content/uploads/hanuman-chalisa-hindi-mobile-wallpaper-08.jpg]
[hanumanchalisas.com/wp-content/uploads/hanuman-chalisa-hindi-mobile-wallpaper-09.jpg]
[hanumanchalisas.com/wp-content/uploads/hanuman-chalisa-hindi-mobile-wallpaper-10.jpg]
[hanumanchalisas.com/wp-content/uploads/hanuman-chalisa-hindi-mobile-wallpaper-11.jpg]
[hanumanchalisas.com/wp-content/uploads/hanuman-chalisa-hindi-mobile-wallpaper-12.jpg]
[hanumanchalisas.com/hanuman-chalisa-images/index.html]
[hanumanchalisas.com/hanuman-chalisa-mp3-download/i]
[hanumanchalisas.com/wp-content/uploads/hanuman-chalisa-mp3-songs-download.jpg]
[hanumanchalisas.com/hanuman-chalisa-mp3-download/index.html]
[hanumanchalisas.com/hanuman-chalisa-mp3-download/Firefox/index.html]
[hanumanchalisas.com/hanuman-movies/i]
[hanumanchalisas.com/hanuman-movies/Firefox/index.html]
[hanumanchalisas.com/wp-content/uploads/hanuman-movie-watch-hindi-poster.png]
[hanumanchalisas.com/hanuman-movies/index.html]
[hanumanchalisas.com/12-rashi-anusar-hanuman-mantra/i]
[hanumanchalisas.com/wp-content/uploads/rashi-anusar-hanuman-mantra.jpg]
[hanumanchalisas.com/12-rashi-anusar-hanuman-mantra/index.html]
[hanumanchalisas.com/12-rashi-anusar-hanuman-mantra/Firefox/index.html]
[hanumanchalisas.com/god-hanuman-puja-vidhi/i]
[hanumanchalisas.com/wp-content/uploads/hanuman-ji-puja-vidhi.jpg]
[hanumanchalisas.com/god-hanuman-puja-vidhi/index.html]
[hanumanchalisas.com/god-hanuman-puja-vidhi/Firefox/index.html]
[hanumanchalisas.com/hanuman-tuesday-mantra/i]
[hanumanchalisas.com/wp-content/uploads/powerful-hanuman-mantra.jpg]
[hanumanchalisas.com/hanuman-tuesday-mantra/index.html]
[hanumanchalisas.com/hanuman-tuesday-mantra/Firefox/index.html]
[hanumanchalisas.com/12-hanuman-names-with-meanings/i]
[hanumanchalisas.com/wp-content/uploads/hanuman-ji-12-names.jpg]
[hanumanchalisas.com/12-hanuman-names-with-meanings/index.html]
[hanumanchalisas.com/12-hanuman-names-with-meanings/Firefox/index.html]
[hanumanchalisas.com/benefits-of-reading-hanuman-chalisa/i]
[hanumanchalisas.com/wp-content/uploads/benefits-of-reading-hanuman-chalisa.jpg]
[hanumanchalisas.com/benefits-of-reading-hanuman-chalisa/index.html]
[hanumanchalisas.com/benefits-of-reading-hanuman-chalisa/Firefox/index.html]
[hanumanchalisas.com/vyapar-vridhi-hanuman-mantra/i]
[hanumanchalisas.com/wp-content/uploads/hanuman-vyapar-vriddhi-mantra-benefits.jpg]
[hanumanchalisas.com/vyapar-vridhi-hanuman-mantra/index.html]
[hanumanchalisas.com/vyapar-vridhi-hanuman-mantra/Firefox/index.html]
[hanumanchalisas.com/hanuman-shabar-mantra/i]
[hanumanchalisas.com/wp-content/uploads/hanuman-shabar-mantra.jpg]
[hanumanchalisas.com/hanuman-shabar-mantra/index.html]
[hanumanchalisas.com/hanuman-shabar-mantra/Firefox/index.html]
[hanumanchalisas.com/maruti-stotra/i]
[hanumanchalisas.com/wp-content/uploads/maruti-stotra.jpg]
[hanumanchalisas.com/maruti-stotra/index.html]
[hanumanchalisas.com/maruti-stotra/Firefox/index.html]
[hanumanchalisas.com/shree-hanuman-beej-mantra/i]
[hanumanchalisas.com/wp-content/uploads/shri-hanuman-beej-mantra.jpg]
[hanumanchalisas.com/shree-hanuman-beej-mantra/index.html]
[hanumanchalisas.com/shree-hanuman-beej-mantra/Firefox/index.html]
[hanumanchalisas.com/barjrag-baan/i]
[hanumanchalisas.com/wp-content/uploads/shri-bajrang-baan.jpg]
[hanumanchalisas.com/barjrag-baan/index.html]
[hanumanchalisas.com/barjrag-baan/Firefox/index.html]
[hanumanchalisas.com/shri-hanuman-bahuk/i]
[hanumanchalisas.com/shri-hanuman-bahuk/Firefox/index.html]
[hanumanchalisas.com/wp-content/uploads/shri-hanuman-bahuk-paath.jpg]
[hanumanchalisas.com/shri-hanuman-bahuk/index.html]
[hanumanchalisas.com/sankat-mochan-hanuman-ashtak/i]
[hanumanchalisas.com/wp-content/uploads/sankatmochan-hanuman-ashtak.jpg]
[hanumanchalisas.com/sankat-mochan-hanuman-ashtak/index.html]
[hanumanchalisas.com/sankat-mochan-hanuman-ashtak/Firefox/index.html]
[hanumanchalisas.com/hanuman-bisa/i]
[hanumanchalisas.com/wp-content/uploads/hanuman-bisa.jpg]
[hanumanchalisas.com/hanuman-bisa/index.html]
[hanumanchalisas.com/hanuman-bisa/Firefox/index.html]
[hanumanchalisas.com/faq/i]
[hanumanchalisas.com/wp-content/uploads/hanuman-chalisa-faq.jpg]
[hanumanchalisas.com/faq/index.html]
[hanumanchalisas.com/faq/Firefox/index.html]
[hanumanchalisas.com/about-us/i]
[hanumanchalisas.com/cdn-cgi/l/email-protection.html]
[hanumanchalisas.com/about-us/index.html]
[hanumanchalisas.com/cdn-cgi/scripts/5c5dd728/cloudflare-static/email-decode.min.js]
[hanumanchalisas.com/about-us/Firefox/index.html]
[hanumanchalisas.com/privacy-policy/i]
[hanumanchalisas.com/privacy-policy/index.html]
[hanumanchalisas.com/terms-of-use/i]
[hanumanchalisas.com/terms-of-use/index.html]
[hanumanchalisas.com/privacy-policy/Firefox/index.html]
[hanumanchalisas.com/terms-of-use/Firefox/index.html]
[hanumanchalisas.com/contact-us/i]
[hanumanchalisas.com/contact-us/index.html]
[hanumanchalisas.com/wp-content/plugins/wp-rocket/assets/js/lcp-beacon.min.js]
[hanumanchalisas.com/hanuman-chalisa-english/i.html]
[hanumanchalisas.com/hanuman-chalisa-english/Firefox/index.html]
[hanumanchalisas.com/wp-content/themes/generatepress/assets/css/components/comments.min3b71.css]
[hanumanchalisas.com/xmlrpc.php]
[hanumanchalisas.com/hanuman-chalisa-telugu/i.html]
[hanumanchalisas.com/hanuman-chalisa-telugu/Firefox/index.html]
[hanumanchalisas.com/hanuman-chalisa-gujarati/i.html]
[hanumanchalisas.com/hanuman-chalisa-gujarati/Firefox/index.html]
[hanumanchalisas.com/hanuman-chalisa-kannada/i.html]
[hanumanchalisas.com/hanuman-chalisa-kannada/Firefox/index.html]
[hanumanchalisas.com/hanuman-chalisa-tamil/i.html]
[hanumanchalisas.com/hanuman-chalisa-tamil/Firefox/index.html]
[hanumanchalisas.com/hanuman-chalisa-bengali/i.html]
[hanumanchalisas.com/hanuman-chalisa-bengali/Firefox/index.html]
[hanumanchalisas.com/hanuman-chalisa-sanskrit/i.html]
[hanumanchalisas.com/hanuman-chalisa-sanskrit/Firefox/index.html]
[hanumanchalisas.com/hanuman-chalisa-marathi/i.html]
[hanumanchalisas.com/hanuman-chalisa-marathi/Firefox/index.html]
[hanumanchalisas.com/hanuman-chalisa-punjabi/i.html]
[hanumanchalisas.com/hanuman-chalisa-punjabi/Firefox/index.html]
[hanumanchalisas.com/hanuman-chalisa-odia/i.html]
[hanumanchalisas.com/hanuman-chalisa-odia/Firefox/index.html]
[hanumanchalisas.com/hanuman-chalisa-malayalam/i.html]
[hanumanchalisas.com/hanuman-chalisa-malayalam/Firefox/index.html]
[hanumanchalisas.com/hanuman-chalisa-assamese/i.html]
[hanumanchalisas.com/hanuman-chalisa-assamese/Firefox/index.html]
[hanumanchalisas.com/hanuman-chalisa-line-by-line-meaning-in-hindi/i.html]
[hanumanchalisas.com/hanuman-chalisa-line-by-line-meaning-in-hindi/Firefox/index.html]
[hanumanchalisas.com/hanuman-chalisa-line-by-line-meaning-in-english/i.html]
[hanumanchalisas.com/hanuman-chalisa-line-by-line-meaning-in-english/Firefox/index.html]
[hanumanchalisas.com/sunderkand/i.html]
[hanumanchalisas.com/sunderkand/Firefox/index.html]
[hanumanchalisas.com/hanuman-chalisa-lyrics/i.html]
[hanumanchalisas.com/hanuman-chalisa-lyrics/Firefox/index.html]
[hanumanchalisas.com/hanuman-ji-ki-aarti/i.html]
[hanumanchalisas.com/hanuman-ji-ki-aarti/Firefox/index.html]
[hanumanchalisas.com/hanuman-chalisa-path-hindi-me-photo/i.html]
[hanumanchalisas.com/hanuman-chalisa-path-hindi-me-photo/Firefox/index.html]
[hanumanchalisas.com/hanuman-chalisa-images/i.html]
[hanumanchalisas.com/hanuman-chalisa-images/Firefox/index.html]
[hanumanchalisas.com/hanuman-chalisa-mp3-download/i.html]
[hanumanchalisas.com/hanuman-chalisa-mp3-download/Firefox/index.html]
[hanumanchalisas.com/hanuman-movies/i.html]
[hanumanchalisas.com/hanuman-movies/Firefox/index.html]
[hanumanchalisas.com/12-rashi-anusar-hanuman-mantra/i.html]
[hanumanchalisas.com/12-rashi-anusar-hanuman-mantra/Firefox/index.html]
[hanumanchalisas.com/god-hanuman-puja-vidhi/i.html]
[hanumanchalisas.com/god-hanuman-puja-vidhi/Firefox/index.html]
[hanumanchalisas.com/hanuman-tuesday-mantra/i.html]
[hanumanchalisas.com/hanuman-tuesday-mantra/Firefox/index.html]
[hanumanchalisas.com/12-hanuman-names-with-meanings/i.html]
[hanumanchalisas.com/12-hanuman-names-with-meanings/Firefox/index.html]
[hanumanchalisas.com/benefits-of-reading-hanuman-chalisa/i.html]
[hanumanchalisas.com/benefits-of-reading-hanuman-chalisa/Firefox/index.html]
[hanumanchalisas.com/vyapar-vridhi-hanuman-mantra/i.html]
[hanumanchalisas.com/vyapar-vridhi-hanuman-mantra/Firefox/index.html]
[hanumanchalisas.com/hanuman-shabar-mantra/i.html]
[hanumanchalisas.com/hanuman-shabar-mantra/Firefox/index.html]
[hanumanchalisas.com/maruti-stotra/i.html]
[hanumanchalisas.com/maruti-stotra/Firefox/index.html]
[hanumanchalisas.com/shree-hanuman-beej-mantra/i.html]
[hanumanchalisas.com/shree-hanuman-beej-mantra/Firefox/index.html]
[hanumanchalisas.com/barjrag-baan/i.html]
[hanumanchalisas.com/barjrag-baan/Firefox/index.html]
[hanumanchalisas.com/shri-hanuman-bahuk/i.html]
[hanumanchalisas.com/shri-hanuman-bahuk/Firefox/index.html]
[hanumanchalisas.com/sankat-mochan-hanuman-ashtak/i.html]
[hanumanchalisas.com/sankat-mochan-hanuman-ashtak/Firefox/index.html]
[hanumanchalisas.com/hanuman-bisa/i.html]
[hanumanchalisas.com/hanuman-bisa/Firefox/index.html]
[hanumanchalisas.com/faq/i.html]
[hanumanchalisas.com/faq/Firefox/index.html]
[hanumanchalisas.com/about-us/i.html]
[hanumanchalisas.com/about-us/Firefox/index.html]
[hanumanchalisas.com/cdn-cgi/l/email-protection.html]
[hanumanchalisas.com/privacy-policy/i.html]
[hanumanchalisas.com/privacy-policy/Firefox/index.html]
[hanumanchalisas.com/terms-of-use/i.html]
[hanumanchalisas.com/terms-of-use/Firefox/index.html]
[hanumanchalisas.com/contact-us/i.html]
[hanumanchalisas.com/contact-us/Firefox/index.html]
[hanumanchalisas.com/contact-us/Firefox/index.html]
